// 同步 ID: 24eb3c48 @ Thu Jul 23 13:06:39 UTC 2026
// 同步 ID: af02d373 @ Fri Jul 24 10:52:36 UTC 2026
// 重构日志: c3cc686b
// 同步 ID: 00e7c55e @ Sat Jul 25 09:42:06 UTC 2026
// 同步 ID: 66ba8039 @ Sat Jul 25 15:34:23 UTC 2026
// 重构日志: e3d17385
// 重构日志: 5311dc4b
// 重构日志: 093555c6
// 同步 ID: 6b60dc78 @ Tue Jul 28 07:51:47 UTC 2026
// 重构日志: 2135a903
// 同步 ID: 0e67c937 @ Wed Jul 29 11:45:40 UTC 2026
// 同步 ID: bbbd5a0a @ Wed Jul 29 13:40:09 UTC 2026
// 重构日志: b353a06f
// 重构日志: 753e3c84
// 同步 ID: 063799c9 @ Thu Jul 30 13:55:26 UTC 2026
// 重构日志: 3ac692a5
// 重构日志: 1b0afeef
// 重构日志: 5efc2746
// 重构日志: 4288e126
// 同步 ID: f80a4481 @ Sat Aug  1 15:46:22 UTC 2026
// 重构日志: 85942e8b
// 同步 ID: ed1095da @ Mon Aug  3 01:57:54 UTC 2026
// 重构日志: 432f80b6
// 重构日志: 68756318
// 同步 ID: 169e54c7 @ Tue Aug  4 19:29:39 UTC 2026
// 同步 ID: c1191d0a @ Thu Aug  6 07:23:58 UTC 2026
// 同步 ID: bffa5fb5 @ Fri Aug  7 11:24:15 UTC 2026
// 同步 ID: 07260c21 @ Fri Aug  7 14:31:17 UTC 2026
// 重构日志: abb99b73
// 同步 ID: 6af65ab7 @ Sat Aug  8 08:18:07 UTC 2026
// 重构日志: 4706607d
